// Jest Snapshot v1, https://goo.gl/fbAQLP

exports[`NotFoundPage Component should match snapshot 1`] = `
<DocumentFragment>
  <section>
    <div
      class="cds--css-grid"
    >
      <div
        class="cds--sm:col-span-4 cds--md:col-span-8 cds--lg:col-span-16 cds--css-grid-column"
      >
        <h2>
          404 - Page Not Found
        </h2>
        <p>
          The page you are looking for does not exist.
        </p>
        <a
          data-discover="true"
          href="/"
        >
          Return to Home
        </a>
      </div>
    </div>
  </section>
</DocumentFragment>
`;
