// Jest Snapshot v1, https://goo.gl/fbAQLP

exports[`App Component should match snapshot 1`] = `
<DocumentFragment>
  <div
    data-testid="mock-main-layout"
  >
    <div
      data-testid="mock-carbon-content"
    >
      <div
        data-testid="mock-home-page"
      >
        Home Page
      </div>
    </div>
  </div>
</DocumentFragment>
`;
